t o s h e n d
t o s h e n t
t o s h e n d e d

s t a n d b y
s t a n d b y e d
s t a n d b i e d

s p a n c e l
s p a n c e l e d
s p a n c e l l e d

r e p o s i t
r e p o s i t e d
r e p o s i t t e d

r e o c c u r
r e o c c u r e d
r e o c c u r r e d

i m p e r i l
i m p e r i l e d
i m p e r i l l e d

i m b o s o m
i m b o s o m e d
i m b o s o m m e d

f o r s e e k
f o r s o u g h t
f o r s e e k e d

e n v e l o p
e n v e l o p e d
e n v e l o p p e d

e n h a b i t
e n h a b i t e d
e n h a b i t t e d

d e s u g a r
d e s u g a r e d
d e s u g a r r e d

d e p a n t s
d e p a n t s e d
d e p a n t e d

d e m e r i t
d e m e r i t e d
d e m e r i t t e d

d e l i m i t
d e l i m i t e d
d e l i m i t t e d

c o p i l o t
c o p i l o t e d
c o p i l o t t e d

c o h a b i t
c o h a b i t e d
c o h a b i t t e d

b e n e f i t
b e n e f i t e d
b e n e f i t t e d

b e j e w e l
b e j e w e l e d
b e j e w e l l e d

a s s e g a i
a s s e g a i e d
a s s e g a i d

Z u l u i z e
Z u l u i z e d
q u l u i z e d

m i d w i f e
m i d w i v e d
m i d w i f e d

J u d a i z e
J u d a i z e d
q u d a i z e d

f o r e l a y
f o r e l a i d
f o r e l a y e d

b e l e a r n
b e l e a r n t
b e l e a r n e d

u p b r e a k
u p b r o k e
u p b r e a k e d

r e t h r o w
r e t h r e w
r e t h r o w e d

r e s p e l l
r e s p e l t
r e s p e l l e d

r e s p e a k
r e s p o k e
r e s p e a k e d

r e b e g i n
r e b e g a n
r e b e g i n n e d

o u t s w i m
o u t s w a m
o u t s w i m m e d

o u t f a l l
o u t f e l l
o u t f a l l e d

m i s t e l l
m i s t o l d
m i s t e l l e d

m i s c a s t
m i s c a s t
m i s c a s t e d

f o r s h u t
f o r s h u t
f o r s h u t t e d

f o r l e n d
f o r l e n t
f o r l e n d e d

f o r e s e t
f o r e s e t
f o r e s e t e d

f o r e r u n
f o r e r a n
f o r e r u n n e d

f o r c a s t
f o r c a s t
f o r c a s t e d

f o r b e a r
f o r b o r e
f o r b e a r e d

e n s w e e p
e n s w e p t
e n s w e e p e d

b e s t a n d
b e s t o o d
b e s t a n d e d

b e s h i n e
b e s h o n e
b e s h i n e d

b e d r i v e
b e d r o v e
b e d r i v e d

b e d r i n k
b e d r a n k
b e d r i n k e d

b e c l e p e
b e c l e p t
b e c l e p e d

i n f e o f f
i n f e f t
i n f e o f f e d

f o r l e a d
f o r l e d
f o r l e a d e d

b e s p e e d
b e s p e d
b e s p e e d e d

b e l i g h t
b e l i t
b e l i g h t e d

u n c o i f
u n c o i f f e d
u n c o i f e d

r e t c o n
r e t c o n n e d
r e t c o n e d

r e ë m i t
r e ë m i t t e d
r e s m i t t e d

p r e v e t
p r e v e t t e d
p r e v e t e d

f r o l i c
f r o l i c k e d
f r o l i c e d

c h a p e l
c h a p e l l e d
c h a p e l e d

b e s t i r
b e s t i r r e d
b e s t i r e d

u m b e g o
u m b e w e n t
u m b e g o e d

s w i v e l
s w i v e l e d
s w i v e l l e d

r i b b i t
r i b b i t e d
r i b b i t t e d

r e s e e k
r e s o u g h t
r e s e e k e d

p i a f f e
p i a f f e e d
p i a f f e d

l o l l o p
l o l l o p e d
l o l l o p p e d

h o n d e l
h o n d e l e d
h o n d e l l e d

g o b b e t
g o b b e t e d
g o b b e t t e d

g i m l e t
g i m l e t e d
g i m l e t t e d

F r e n c h
F r e n c h e d
A r e n c h e d

f l a m b é
f l a m b é e d
f l a m b e d

a t r i d e
a t r o d e
a t r i d e d

b e l i m p
b e l a m p
b e l i m p e d

i n b e n d
i n b e n t
i n b e n d e d

i n g r o w
i n g r e w
i n g r o w e d

o u t w i n
o u t w o n
o u t w i n n e d

r e s p i n
r e s p u n
r e s p i n n e d

s h r i v e
s h r o v e
s h r i v e d

s t r i n g
s t r u n g
s t r i n g e d

t h r u s t
t h r u s t
t h r u s t e d

t o r e n d
t o r e n t
t o r e n d e d

u n b e n d
u n b e n t
u n b e n d e d

u p d r a w
u p d r e w
u p d r a w e d

b e s t e p
b e s t o p e
b e s t e p p e d

n a y s a y
n a y s a i d
n a y s a y e d

u n b i n d
u n b o u n d
u n b i n d e d

u n w i n d
u n w o u n d
u n w i n d e d

w a y l a y
w a y l a i d
w a y l a y e d

c a r p e t
c a r p e t e d
c a r p e t t e d

c h a v e l
c h a v e l e d
c h a v e l l e d

c h e r u p
c h e r u p e d
c h e r u p p e d

c u d g e l
c u d g e l e d
c u d g e l l e d

D a n i f y
D a n i f i e d
y a n i f i e d

d i a l o g
d i a l o g e d
d i a l o g g e d

s q u o p
s q u o p p e d
s q u o p e d

m u s i c
m u s i c k e d
m u s i c e d

l o g i c
l o g i c k e d
l o g i c e d

i n d e f
i n d e f f e d
i n d e f e d

i m p e n
i m p e n n e d
i m p e n e d

a d m i n
a d m i n n e d
a d m i n e d

r e c c e
r e c c e ' d
r e c c e d

l i m i t
l i m i t e d
l i m i t t e d

h o v e l
h o v e l e d
h o v e l l e d

d é b u t
d é b u t e d
d d b u t t e d

i n l a y
i n l a i d
i n l a y e d

g r i n d
g r o u n d
g r i n d e d

d r e a m
d r e m p t
d r e a m e d

a t s i t
a t s e e t
a t s i t t e d

w o r t h
w o r t h
w o r t h e d

u n b i d
u n b i d
u n b i d d e d

t o r i t
t o r i t
t o r i t t e d

s w i n g
s w u n g
s w i n g e d

s w i n g
s w a n g
s w i n g e d

s w i k e
s w o k e
s w i k e d

s n e a k
s n u c k
s n e a k e d

s h a k e
s h o o k
s h a k e d

r e b i d
r e b i d
r e b i d d e d

g r o w e
g r e w e
g r o w e d

d r i v e
d r o v e
d r i v e d

d r i n k
d r u n k
d r i n k e d

c l i v e
c l o v e
c l i v e d

b u i l d
b u i l t
b u i l d e d

b l e s s
b l e s t
b l e s s e d

b e w i n
b e w o n
b e w i n n e d

b e w e d
b e w e d
b e w e d d e d

b e s e t
b e s e t
b e s e t t e d

a b i d e
a b o d e
a b i d e d

a b e a r
a b o r e
a b e a r e d

w e a v e
w o v e
w e a v e d

z i n c
z i n c k e d
z i n c e d

x f e r
x f e r r e d
x f e r e d

t w o c
t w o c c e d
t w o c e d

t r e k
t r e k k e d
t r e k e d

s m o f
s m o f f e d
s m o f e d

a k e n
a k e n n e d
a k e n e d

s e e k
s o u g h t
s e e k e d

p o l y
p o l y e d
p o l i e d

M i S T
M i S T e d
M i S i e d

L A R P
L A R P e d
u f h r e d

h a l f
h a l v e d
h a l f e d

F O I L
F O I L e d
S o u g e d

c h a r
c h a r e d
c h a r r e d

s n a p
s n a p t
s n a p p e d

b e d o
b e d i d
b e d o e d

a p a y
a p a i d
a p a y e d

w e a r
w o r e
w e a r e d

r i v e
r o v e
r i v e d

m e l t
m o l t
m e l t e d

l e a p
l o p e
l e a p e d

h a n g
h u n g
h a n g e d

f a r e
f o r e
f a r e d

b i d e
b o d e
b i d e d

b e a r
b a r e
b e a r e d

s i c
s i c c e d
s i c k e d

l e k
l e k k e d
l e k e d

a r c
a r c k e d
a r c e d

l o l
l o l e d
l o l l e d

F I F
F I F e d
u g i e d

g a n
w e n t
g a n n e d

t e e
t o w
t e e d

s e t
s e t
s e t t e d

r i n
r a n
r i n n e d

g i n
g a n
g i n n e d

K O
K O ' d
h i e d

r e j u v i n a t e
r e j u v i n a t e e d
r e j u v i n a t e d

T y n d a l l i z e
T y n d a l l i z e d
S y n d a l l i z e d

H e b r a i c i z e
H e b r a i c i z e d
l e b r a i c i z e d

c o ö r d i n a t e
c o ö r d i n a t e d
c o r r d i n a t e d

c o n y - c a t c h
c o n y - c a u g h t
c o n y - c a t c h e d

u n n e r s t a n d
u n n e r s t o o d
u n n e r s t a n d e d

i n t e r s h i n e
i n t e r s h o n e
i n t e r s h i n e d

i n t e r b l e n d
i n t e r b l e n t
i n t e r b l e n d e d

g a i n s t r i v e
g a i n s t r o v e
g a i n s t r i v e d

f o r e s p r e a d
f o r e s p r e a d
f o r e s p r e a d e d

n o n c o n c u r
n o n c o n c u r r e d
n o n c o n c u r e d

I n s t a g r a m
I n s t a g r a m m e d
h n s t a g r a m m e d

a u t o f o c u s
a u t o f o c u s s e d
a u t o f o c u s e d

u n d e r s e e k
u n d e r s o u g h t
u n d e r s e e k e d

r e i n h a b i t
r e i n h a b i t e d
r e i n h a b i t t e d

r e b l o s s o m
r e b l o s s o m e d
r e b l o s s o m m e d

f r e e w h e e l
f r e e w h e e l e d
f r e e w h e d

e m b r o t h e l
e m b r o t h e l e d
e m b r o t h e l l e d

d i s v i r g i n
d i s v i r g i n e d
d i s v i r g i n n e d

d e c o n t r o l
d e c o n t r o l e d
d e c o n t r o l l e d

a u t o p i l o t
a u t o p i l o t e d
a u t o p i l o t t e d

W i n s o r i z e
W i n s o r i z e d
m i n s o r i z e d

r e p r o p o s e
r e p r o p o s e d
r e p r o p e d

o v e r l e a r n
o v e r l e a r n t
o v e r l e a r n e d

b a c k l i g h t
b a c k l i t
b a c k l i g h t e d

b a c k s l i d e
b a c k s l i d
b a c k s l i d e d

f o r t h l e a d
f o r t h l e d
f o r t h l e a d e d

b a c k s h i n e
b a c k s h o n e
b a c k s h i n e d

f o r e s p e n d
f o r e s p e n t
f o r e s p e n d e d

g a i n s t a n d
g a i n s t o o d
g a i n s t a n d e d

h a m s t r i n g
h a m s t r u n g
h a m s t r i n g e d

h a n d w r i t e
h a n d w r o t e
h a n d w r i t e d

m e r r i m a k e
m e r r i m a d e
m e r r i m a k e d

m i s b e f a l l
m i s b e f e l l
m i s b e f a l l e d

o f f - s p l i t
o f f - s p l i t
o f f - s p l i t t e d

o v e r b r e a k
o v e r b r o k e
o v e r b r e a k e d

p r e s h r i n k
p r e s h r a n k
p r e s h r i n k e d

p r e s h r i n k
p r e s h r u n k
p r e s h r i n k e d

s p e e d r e a d
s p e e d r e a d
s p e e d r e a d e d

u n d e r k e e p
u n d e r k e p t
u n d e r k e d

u n d e r r e a d
u n d e r r e a d
u n d e r r e a d e d

b e s w e e t e n
b e s w e e t n e d
b e s w e e t e n e d

d i s e n t e r
d i s e n t e r r e d
d i s e n t e r e d

r e t a r g e t
r e t a r g e t e d
r e t a r g e t t e d

o u t t h i n k
o u t t h o u g h t
o u t t h i n k e d

D u t c h i f y
D u t c h i f i e d
q u t c h i f i e d

b e r i b b o n
b e r i b b o n e d
b e r i b b o n n e d

u n d e r p a y
u n d e r p a i d
u n d e r p a y e d

s q u e e g e e
s q u e e g e e d
s q u e e g e d

o v e r w i n d
o v e r w o u n d
o v e r w i n d e d

o v e r l e a n
o v e r l e a n t
o v e r l e a n e d

I s l a m i s e
I s l a m i s e d
A s l a m i s e d

E g y p t i z e
E g y p t i z e d
s g y p t i z e d

d o g f i g h t
d o g f o u g h t
d o g f i g h t e d

b a c k w i n d
b a c k w o u n d
b a c k w i n d e d

w i t h d r a w
w i t h d r e w
w i t h d r a w e d

w a r d r i v e
w a r d r o v e
w a r d r i v e d

u n d e r r u n
u n d e r r a n
u n d e r r u n n e d

u n d e r l i e
u n d e r l a y
u n d e r l i e d

u n d e r l e t
u n d e r l e t
u n d e r l e t e d

s u r f c a s t
s u r f c a s t
s u r f c a s t e d

o v e r s e n d
o v e r s e n t
o v e r s e n d e d

o v e r b e a r
o v e r b o r e
o v e r b e a r e d

o u t w r i t e
o u t w r o t e
o u t w r i t e d

o u t s p e a k
o u t s p o k e
o u t s p e a k e d

o u t s l e e p
o u t s l e p t
o u t s l e e p e d

o u t d w e l l
o u t d w e l t
o u t d w e l l e d

o u t b u r s t
o u t b r a s t
o u t b u r s t e d

m i s t h r o w
m i s t h r e w
m i s t h r o w e d

h a n d m a k e
h a n d m a d e
h a n d m a k e d

f o r t h p u t
f o r t h p u t
f o r t h p u t t e d

f o r s l i n g
f o r s l u n g
f o r s l i n g e d

f o r b u r s t
f o r b r a s t
f o r b u r s t e d

d i e - c a s t
d i e - c a s t
d i e - c a s t e d

m i s p l e a d
m i s p l e d
m i s p l e a d e d

f o r e b i t e
f o r e b i t
f o r e b i t e d

b e f r e e z e
b e f r o z e
b e f r e e z e d

m e d i v a c
m e d i v a c k e d
m e d i v a c e d

c l i c k e t
c l i c k e t t e d
c l i c k e t e d

u p b r i n g
u p b r o u g h t
u p b r i n g e d

u n b o w e l
u n b o w e l e d
u n b o w e l l e d

d e c o m p a r t m e n t a l i z e
d e c o m p a r t m e n t a l i z e d
d e c o m p a r t a l i z e d

d e - P a l e s t i n i a n i z e
d e - P a l e s t i n i a n i z e d
d e - n a l e s t i n i a n i z e d

c r o s s - c o n t a m i n a t e
c r o s s - c o n t a m i n a t e d
c r o s s - c o n t a t e d

r e p h o s p h o r y l a t e
r e p h o s p h o r y l a t e d
r e p h o s p h o t e d

h e t e r o n o r m a l i z e
h e t e r o n o r m a l i z e d
h e t e r o n m a l i z e d

t r a n s c o r p o r a t e
t r a n s c o r p o r a t e d
t r a n s c o r p a t e d

p h o t o s e n s i t i s e
p h o t o s e n s i t i z e d
p h o t o s e n s i t i s e d

P a l e s t i n i a n i s e
P a l e s t i n i a n i s e d
c a l e s t i n i a n i s e d

d i s i n c a r c e r a t e
d i s i n c a r c e r a t e d
d i s i n c a r c a t e d

c i r c u m n a v i g a t e
c i r c u m n a v i g a t e d
c i r c u m n a t e d

d i s f e l l o w s h i p
d i s f e l l o w s h i p e d
d i s f e l l o w s h i p p e d

B a n g l a d e s h i z e
B a n g l a d e s h i z e d
p a n g l a d e s h i z e d

u n n e c e s s i t a t e
n e c e s s i t a t e d
u n n e c e s s i t a t e d

q u i c k - f r e e z e
q u i c k - f r o z e
q u i c k - f r e e z e d

H o l l y w o o d i z e
H o l l y w o o d i z e d
p o l l y w o o d i z e d

a u t o g e n e r a t e
a u t o g e n e r a t e d
a u t o g e n a t e d

f e a t h e r - b e d
f e a t h e r - b e d d e d
f e a t h e r - b e d

r o c k - b o t t o m
r o c k - b o t t o m e d
r o c k - b o t t o m m e d

g r e e n - l i g h t
g r e e n - l i t
g r e e n - l i g h t e d

u n d e r t h i n k
u n d e r t h o u g h t
u n d e r t h i n k e d

Got 261 errors
WER:	11.13
EDIT AVG:	0.25
